{
  "Error": {
    "ErrorID": null,
    "ErrorMessages": [
      "Wrong email or password."
    ]
  },
  "IsOk": false,
  "Payload": null
}