{
  "Error": {
    "ErrorID": null,
    "ErrorMessages": [
      "Account disabled."
    ],
    "SessionRejected": false
  },
  "IsOk": false,
  "Payload": null
}