{
  "Error": null,
  "IsOk": true,
  "Payload": {
    "Count": 1
  }
}