{
  "login": {
    "EmailAddress": "test@abc.de",
    "Enabled": true,
    "LoginID": 1,
    "PasswordHash": "$$password123$$",
    "UserProfileID": 1,
    "VerificationCode": "XXXXXXXXXXXXXXXXXXXXXXXXXXXXXXXXXXXXXXXXXXXXXXXXXXXXXXXXXXXXXXXXXXXXXXXXXXXXXXXXXXXXXXXXXXXXXXXXXXXX",
    "Verified": false
  },
  "profile": {
    "EmailAddress": "test@abc.de",
    "RegistrationDate": "3000-01-01T00:00:00Z",
    "UserProfileID": 1
  },
  "result": {
    "Error": null,
    "IsOk": true,
    "Payload": {}
  }
}