{
  "isOk": true,
  "error": null,
  "payload": {
    "message": "Works."
  }
}