{
  "Error": null,
  "IsOk": true,
  "Payload": {
    "Message": "Works."
  }
}