{
  "isOk": false,
  "error": {
    "errorMessages": [
      "No RPC handler for request. RequestType: NotRegisteredRequest."
    ],
    "errorID": null,
    "sessionRejected": false
  },
  "payload": null
}