{
  "isOk": false,
  "error": {
    "errorMessages": [
      "The HTTP request has an empty body."
    ],
    "errorID": null
  },
  "payload": null
}