{
  "isOk": true,
  "error": null,
  "payload": {
    "num": 34
  }
}