{
  "isOk": false,
  "error": {
    "errorMessages": [
      "Request type is null or an empty string."
    ],
    "errorID": null
  },
  "payload": null
}