{
  "isOk": false,
  "error": {
    "errorMessages": [
      "Failed to parse RPC body."
    ],
    "errorID": "61289445-04b7-4f59-bbdd-499c36861bc0"
  },
  "payload": null
}